// Jest Snapshot v1, https://goo.gl/fbAQLP

exports[`App renders correctly 1`] = `
<DocumentFragment>
  <div
    class="App"
  >
    <div
      class="search-form"
    >
      <img
        alt="nasa logo in red"
        class="search-form_logo"
        src="https://cdn.cnn.com/cnnnext/dam/assets/200424060716-nasa-worm-logo.jpg"
      />
      <div
        class="search-form_wrapper"
      >
        <input
          class="search-form_input"
          type="text"
        />
        <input
          alt="magnifying glass"
          class="search-form_button"
          label="text"
          src="search.png"
          title="magnifying glass icons"
          type="image"
        />
      </div>
    </div>
  </div>
</DocumentFragment>
`;
